// Jest Snapshot v1, https://goo.gl/fbAQLP

exports[`ErrorMessage should render correctly 1`] = `
<img
  className="foo"
  src="img/bar.png"
/>
`;
