// Jest Snapshot v1, https://goo.gl/fbAQLP

exports[`Header should render correctly 1`] = `
<div
  className="header"
>
  <Grid>
    <Row>
      <Col
        lg={3}
        md={2}
        xs={0}
      />
      <Col
        lg={6}
        md={8}
        xs={12}
      >
        <div
          className="logo"
        />
      </Col>
      <Col
        lg={3}
        md={2}
        xs={0}
      />
    </Row>
  </Grid>
</div>
`;
