// Jest Snapshot v1, https://goo.gl/fbAQLP

exports[`SearchBar should render correctly 1`] = `
<div
  className="search-bar"
>
  <Grid>
    <Row>
      <Col
        lg={3}
        md={2}
        xs={0}
      />
      <Col
        lg={6}
        md={8}
        xs={12}
      >
        <div
          className="search-bar-content"
        >
          <input
            className="search-input"
            onChange={[Function]}
            onKeyDown={[Function]}
            placeholder="What are you looking for ..."
            type="text"
            value=""
          />
        </div>
      </Col>
      <Col
        lg={3}
        md={2}
        xs={0}
      />
    </Row>
  </Grid>
</div>
`;
