// Jest Snapshot v1, https://goo.gl/fbAQLP

exports[`RaisedRadioButton should render correctly 1`] = `
<MuiComponent
  className="raised-radio-button"
>
  <RadioButton
    checked={false}
    disabled={false}
    iconStyle={
      Object {
        "fill": "#616161",
        "height": 20,
        "width": 20,
      }
    }
    labelPosition="right"
    labelStyle={
      Object {
        "color": "#616161",
        "fontSize": 13,
        "lineHeight": "18px",
      }
    }
  />
</MuiComponent>
`;
